Build started 12/24/2025 10:55:06 AM.
     1>Project "C:\src\bitpantry\BitPantry.CommandLine\BitPantry.CommandLine.sln" on node 1 (Restore target(s)).
     1>ValidateSolutionConfiguration:
         Building solution configuration "Debug|Any CPU".
       _GetAllRestoreProjectPathItems:
         Determining projects to restore...
       Restore:
         X.509 certificate chain validation will use the default trust store selected by .NET for code signing.
         X.509 certificate chain validation will use the default trust store selected by .NET for timestamping.
         Assets file has not changed. Skipping assets file writing. Path: C:\src\bitpantry\BitPantry.CommandLine\BitPantry.CommandLine.Remote.SignalR.Server\obj\project.assets.json
         Assets file has not changed. Skipping assets file writing. Path: C:\src\bitpantry\BitPantry.CommandLine\BitPantry.CommandLine.Tests\obj\project.assets.json
         Assets file has not changed. Skipping assets file writing. Path: C:\src\bitpantry\BitPantry.CommandLine\BitPantry.CommandLine.Remote.SignalR\obj\project.assets.json
         Assets file has not changed. Skipping assets file writing. Path: C:\src\bitpantry\BitPantry.CommandLine\BitPantry.CommandLine.Tests.Remote.SignalR\obj\project.assets.json
         Assets file has not changed. Skipping assets file writing. Path: C:\src\bitpantry\BitPantry.CommandLine\BitPantry.CommandLine\obj\project.assets.json
         Assets file has not changed. Skipping assets file writing. Path: C:\src\bitpantry\BitPantry.CommandLine\BitPantry.CommandLine.Remote.SignalR.Client\obj\project.assets.json
         Assets file has not changed. Skipping assets file writing. Path: C:\src\bitpantry\BitPantry.CommandLine\BitPantry.CommandLine.Tests.CmdAssemblies\obj\project.assets.json
         Restored C:\src\bitpantry\BitPantry.CommandLine\BitPantry.CommandLine\BitPantry.CommandLine.csproj (in 26 ms).
         Restored C:\src\bitpantry\BitPantry.CommandLine\BitPantry.CommandLine.Tests\BitPantry.CommandLine.Tests.csproj (in 27 ms).
         Restored C:\src\bitpantry\BitPantry.CommandLine\BitPantry.CommandLine.Remote.SignalR\BitPantry.CommandLine.Remote.SignalR.csproj (in 26 ms).
         Restored C:\src\bitpantry\BitPantry.CommandLine\BitPantry.CommandLine.Remote.SignalR.Server\BitPantry.CommandLine.Remote.SignalR.Server.csproj (in 26 ms).
         Restored C:\src\bitpantry\BitPantry.CommandLine\BitPantry.CommandLine.Tests.Remote.SignalR\BitPantry.CommandLine.Tests.Remote.SignalR.csproj (in 27 ms).
         Restored C:\src\bitpantry\BitPantry.CommandLine\BitPantry.CommandLine.Tests.CmdAssemblies\BitPantry.CommandLine.Tests.CmdAssemblies.csproj (in 26 ms).
         Restored C:\src\bitpantry\BitPantry.CommandLine\BitPantry.CommandLine.Remote.SignalR.Client\BitPantry.CommandLine.Remote.SignalR.Client.csproj (in 26 ms).
         
         NuGet Config files used:
             C:\Users\jeffh\AppData\Roaming\NuGet\NuGet.Config
             C:\Program Files (x86)\NuGet\Config\Microsoft.VisualStudio.FallbackLocation.config
             C:\Program Files (x86)\NuGet\Config\Microsoft.VisualStudio.Offline.config
         
         Feeds used:
             https://api.nuget.org/v3/index.json
             C:\src\_localPackageSource
             C:\Program Files (x86)\Microsoft SDKs\NuGetPackages\
             C:\Program Files\dotnet\library-packs
         All projects are up-to-date for restore.
     1>Done Building Project "C:\src\bitpantry\BitPantry.CommandLine\BitPantry.CommandLine.sln" (Restore target(s)).
   1:2>Project "C:\src\bitpantry\BitPantry.CommandLine\BitPantry.CommandLine.sln" on node 1 (VSTest target(s)).
     1>ValidateSolutionConfiguration:
         Building solution configuration "Debug|Any CPU".
   1:2>Project "C:\src\bitpantry\BitPantry.CommandLine\BitPantry.CommandLine.sln" (1:2) is building "C:\src\bitpantry\BitPantry.CommandLine\BitPantry.CommandLine.Tests\BitPantry.CommandLine.Tests.csproj" (7:7) on node 6 (VSTest target(s)).
     7>BuildProject:
         Build started, please wait...
   1:2>Project "C:\src\bitpantry\BitPantry.CommandLine\BitPantry.CommandLine.sln" (1:2) is building "C:\src\bitpantry\BitPantry.CommandLine\BitPantry.CommandLine.Tests.Remote.SignalR\BitPantry.CommandLine.Tests.Remote.SignalR.csproj" (8:6) on node 7 (VSTest target(s)).
   8:6>Project "C:\src\bitpantry\BitPantry.CommandLine\BitPantry.CommandLine.Tests.Remote.SignalR\BitPantry.CommandLine.Tests.Remote.SignalR.csproj" (8:6) is building "C:\src\bitpantry\BitPantry.CommandLine\BitPantry.CommandLine.Tests.Remote.SignalR\BitPantry.CommandLine.Tests.Remote.SignalR.csproj" (8:7) on node 7 (default targets).
   8:7>Project "C:\src\bitpantry\BitPantry.CommandLine\BitPantry.CommandLine.Tests.Remote.SignalR\BitPantry.CommandLine.Tests.Remote.SignalR.csproj" (8:7) is building "C:\src\bitpantry\BitPantry.CommandLine\BitPantry.CommandLine\BitPantry.CommandLine.csproj" (2:15) on node 1 (default targets).
     2>GenerateTargetFrameworkMonikerAttribute:
       Skipping target "GenerateTargetFrameworkMonikerAttribute" because all output files are up-to-date with respect to the input files.
       CoreGenerateAssemblyInfo:
       Skipping target "CoreGenerateAssemblyInfo" because all output files are up-to-date with respect to the input files.
       _GenerateSourceLinkFile:
         Source Link file 'obj\Debug\net8.0\BitPantry.CommandLine.sourcelink.json' is up-to-date.
       CoreCompile:
       Skipping target "CoreCompile" because all output files are up-to-date with respect to the input files.
       GenerateBuildDependencyFile:
       Skipping target "GenerateBuildDependencyFile" because all output files are up-to-date with respect to the input files.
       CopyFilesToOutputDirectory:
         BitPantry.CommandLine -> C:\src\bitpantry\BitPantry.CommandLine\BitPantry.CommandLine\bin\Debug\net8.0\BitPantry.CommandLine.dll
   8:7>Project "C:\src\bitpantry\BitPantry.CommandLine\BitPantry.CommandLine.Tests.Remote.SignalR\BitPantry.CommandLine.Tests.Remote.SignalR.csproj" (8:7) is building "C:\src\bitpantry\BitPantry.CommandLine\BitPantry.CommandLine.Remote.SignalR\BitPantry.CommandLine.Remote.SignalR.csproj" (4:11) on node 2 (default targets).
     4>GenerateTargetFrameworkMonikerAttribute:
       Skipping target "GenerateTargetFrameworkMonikerAttribute" because all output files are up-to-date with respect to the input files.
   8:7>Project "C:\src\bitpantry\BitPantry.CommandLine\BitPantry.CommandLine.Tests.Remote.SignalR\BitPantry.CommandLine.Tests.Remote.SignalR.csproj" (8:7) is building "C:\src\bitpantry\BitPantry.CommandLine\BitPantry.CommandLine.Tests.CmdAssemblies\BitPantry.CommandLine.Tests.CmdAssemblies.csproj" (5:10) on node 4 (default targets).
     5>GenerateTargetFrameworkMonikerAttribute:
       Skipping target "GenerateTargetFrameworkMonikerAttribute" because all output files are up-to-date with respect to the input files.
     4>CoreGenerateAssemblyInfo:
       Skipping target "CoreGenerateAssemblyInfo" because all output files are up-to-date with respect to the input files.
     5>CoreGenerateAssemblyInfo:
       Skipping target "CoreGenerateAssemblyInfo" because all output files are up-to-date with respect to the input files.
     2>GenerateNuspec:
       Skipping target "GenerateNuspec" because all output files are up-to-date with respect to the input files.
     2>Done Building Project "C:\src\bitpantry\BitPantry.CommandLine\BitPantry.CommandLine\BitPantry.CommandLine.csproj" (default targets).
     4>_GenerateSourceLinkFile:
         Source Link file 'obj\Debug\net8.0\BitPantry.CommandLine.Remote.SignalR.sourcelink.json' is up-to-date.
     5>_GenerateSourceLinkFile:
         Source Link file 'obj\Debug\net8.0\BitPantry.CommandLine.Tests.CmdAssemblies.sourcelink.json' is up-to-date.
       CoreCompile:
       Skipping target "CoreCompile" because all output files are up-to-date with respect to the input files.
     4>CoreCompile:
       Skipping target "CoreCompile" because all output files are up-to-date with respect to the input files.
     5>GenerateBuildDependencyFile:
       Skipping target "GenerateBuildDependencyFile" because all output files are up-to-date with respect to the input files.
     4>GenerateBuildDependencyFile:
       Skipping target "GenerateBuildDependencyFile" because all output files are up-to-date with respect to the input files.
     5>CopyFilesToOutputDirectory:
         BitPantry.CommandLine.Tests.CmdAssemblies -> C:\src\bitpantry\BitPantry.CommandLine\BitPantry.CommandLine.Tests.CmdAssemblies\bin\Debug\net8.0\BitPantry.CommandLine.Tests.CmdAssemblies.dll
     4>CopyFilesToOutputDirectory:
         BitPantry.CommandLine.Remote.SignalR -> C:\src\bitpantry\BitPantry.CommandLine\BitPantry.CommandLine.Remote.SignalR\bin\Debug\net8.0\BitPantry.CommandLine.Remote.SignalR.dll
     5>Done Building Project "C:\src\bitpantry\BitPantry.CommandLine\BitPantry.CommandLine.Tests.CmdAssemblies\BitPantry.CommandLine.Tests.CmdAssemblies.csproj" (default targets).
   7:7>Project "C:\src\bitpantry\BitPantry.CommandLine\BitPantry.CommandLine.Tests\BitPantry.CommandLine.Tests.csproj" (7:7) is building "C:\src\bitpantry\BitPantry.CommandLine\BitPantry.CommandLine.Tests\BitPantry.CommandLine.Tests.csproj" (7:8) on node 6 (default targets).
     7>GenerateTargetFrameworkMonikerAttribute:
       Skipping target "GenerateTargetFrameworkMonikerAttribute" because all output files are up-to-date with respect to the input files.
       CoreGenerateAssemblyInfo:
       Skipping target "CoreGenerateAssemblyInfo" because all output files are up-to-date with respect to the input files.
     4>GenerateNuspec:
       Skipping target "GenerateNuspec" because all output files are up-to-date with respect to the input files.
     4>Done Building Project "C:\src\bitpantry\BitPantry.CommandLine\BitPantry.CommandLine.Remote.SignalR\BitPantry.CommandLine.Remote.SignalR.csproj" (default targets).
     7>_GenerateSourceLinkFile:
         Source Link file 'obj\Debug\net8.0\BitPantry.CommandLine.Tests.sourcelink.json' is up-to-date.
       CoreCompile:
       Skipping target "CoreCompile" because all output files are up-to-date with respect to the input files.
       _CopyOutOfDateSourceItemsToOutputDirectory:
       Skipping target "_CopyOutOfDateSourceItemsToOutputDirectory" because all output files are up-to-date with respect to the input files.
       GenerateBuildDependencyFile:
       Skipping target "GenerateBuildDependencyFile" because all output files are up-to-date with respect to the input files.
       GenerateBuildRuntimeConfigurationFiles:
       Skipping target "GenerateBuildRuntimeConfigurationFiles" because all output files are up-to-date with respect to the input files.
       CopyFilesToOutputDirectory:
         BitPantry.CommandLine.Tests -> C:\src\bitpantry\BitPantry.CommandLine\BitPantry.CommandLine.Tests\bin\Debug\net8.0\BitPantry.CommandLine.Tests.dll
     7>Done Building Project "C:\src\bitpantry\BitPantry.CommandLine\BitPantry.CommandLine.Tests\BitPantry.CommandLine.Tests.csproj" (default targets).
     7>BuildProject:
         Build completed.
         
Test run for C:\src\bitpantry\BitPantry.CommandLine\BitPantry.CommandLine.Tests\bin\Debug\net8.0\BitPantry.CommandLine.Tests.dll (.NETCoreApp,Version=v8.0)
   8:7>Project "C:\src\bitpantry\BitPantry.CommandLine\BitPantry.CommandLine.Tests.Remote.SignalR\BitPantry.CommandLine.Tests.Remote.SignalR.csproj" (8:7) is building "C:\src\bitpantry\BitPantry.CommandLine\BitPantry.CommandLine.Remote.SignalR.Client\BitPantry.CommandLine.Remote.SignalR.Client.csproj" (3:9) on node 3 (default targets).
     3>GenerateTargetFrameworkMonikerAttribute:
       Skipping target "GenerateTargetFrameworkMonikerAttribute" because all output files are up-to-date with respect to the input files.
   8:7>Project "C:\src\bitpantry\BitPantry.CommandLine\BitPantry.CommandLine.Tests.Remote.SignalR\BitPantry.CommandLine.Tests.Remote.SignalR.csproj" (8:7) is building "C:\src\bitpantry\BitPantry.CommandLine\BitPantry.CommandLine.Remote.SignalR.Server\BitPantry.CommandLine.Remote.SignalR.Server.csproj" (6:9) on node 5 (default targets).
     6>GenerateTargetFrameworkMonikerAttribute:
       Skipping target "GenerateTargetFrameworkMonikerAttribute" because all output files are up-to-date with respect to the input files.
VSTest version 17.12.0 (x64)

     3>CoreGenerateAssemblyInfo:
       Skipping target "CoreGenerateAssemblyInfo" because all output files are up-to-date with respect to the input files.
     6>CoreGenerateAssemblyInfo:
       Skipping target "CoreGenerateAssemblyInfo" because all output files are up-to-date with respect to the input files.
     3>_GenerateSourceLinkFile:
         Source Link file 'obj\Debug\net8.0\BitPantry.CommandLine.Remote.SignalR.Client.sourcelink.json' is up-to-date.
       CoreCompile:
       Skipping target "CoreCompile" because all output files are up-to-date with respect to the input files.
     6>_GenerateSourceLinkFile:
         Source Link file 'obj\Debug\net8.0\BitPantry.CommandLine.Remote.SignalR.Server.sourcelink.json' is up-to-date.
     3>GenerateBuildDependencyFile:
       Skipping target "GenerateBuildDependencyFile" because all output files are up-to-date with respect to the input files.
       CopyFilesToOutputDirectory:
         BitPantry.CommandLine.Remote.SignalR.Client -> C:\src\bitpantry\BitPantry.CommandLine\BitPantry.CommandLine.Remote.SignalR.Client\bin\Debug\net8.0\BitPantry.CommandLine.Remote.SignalR.Client.dll
     6>CoreCompile:
       Skipping target "CoreCompile" because all output files are up-to-date with respect to the input files.
     3>Done Building Project "C:\src\bitpantry\BitPantry.CommandLine\BitPantry.CommandLine.Remote.SignalR.Client\BitPantry.CommandLine.Remote.SignalR.Client.csproj" (default targets).
Starting test execution, please wait...
     6>GenerateBuildDependencyFile:
       Skipping target "GenerateBuildDependencyFile" because all output files are up-to-date with respect to the input files.
       CopyFilesToOutputDirectory:
         BitPantry.CommandLine.Remote.SignalR.Server -> C:\src\bitpantry\BitPantry.CommandLine\BitPantry.CommandLine.Remote.SignalR.Server\bin\Debug\net8.0\BitPantry.CommandLine.Remote.SignalR.Server.dll
     6>Done Building Project "C:\src\bitpantry\BitPantry.CommandLine\BitPantry.CommandLine.Remote.SignalR.Server\BitPantry.CommandLine.Remote.SignalR.Server.csproj" (default targets).
A total of 1 test files matched the specified pattern.
  Passed ExtendedCommand_success [22 ms]
  Passed CommandName_Success [46 ms]
  Passed CommandNameNavigateOptions_Success [1 ms]
  Passed ArgNameNoQuery_Success [4 ms]
  Passed ArgNameNoQueryNavigation_Success [< 1 ms]
  Passed ArgNameWithQuery_Success [1 ms]
  Passed FirstArgName_Success [< 1 ms]
  Passed FirstArgNameSecondIsBad_Success [< 1 ms]
  Passed FirstArgNameWithAlias_Success [< 1 ms]
  Passed FirstAliasNameWithArgumentName_Success [1 ms]
  Passed EndAutoComplete_Success [< 1 ms]
  Passed CancelAutoComplete_Success [1 ms]
  Passed AutoCompleteOneNoQuery_AutoCompleted [2 ms]
  Passed AutoCompleteOneArgUpperCaseQuery_AutoCompleted [< 1 ms]
  Passed AutoCompleteOneArgBadQuery_NoResult [< 1 ms]
  Passed AutoCompleteFirstAlias_AutoCompleted [< 1 ms]
  Passed AutoCompleteFirstAliasSecondHasValue_AutoCompleted [< 1 ms]
  Passed AutoCompleteFirstAliasSecondHasBadValue_AutoCompleted [< 1 ms]
  Passed AutoCompleteNoArgs_NoResult [< 1 ms]
  Passed AutoCompleteOneArgNonMatchingQuery_NoResult [< 1 ms]
  Passed AutoCompleteOneArgNoQuery_AutoCompleted [< 1 ms]
  Passed AutoCompleteOneArgNoQueryDifferentPos_AutoCompleted (16) [< 1 ms]
  Passed AutoCompleteOneArgNoQueryDifferentPos_AutoCompleted (17) [< 1 ms]
  Passed AutoCompleteOneArgNoQueryDifferentPos_AutoCompleted (18) [< 1 ms]
  Passed AutoCompleteCmdNameOneArgNoQuery_AutoCompleted [< 1 ms]
  Passed AutoCompleteArgNameNoCommand_NoResult [< 1 ms]
  Passed AutoCompleteFirstArgument_AutoCompleted [< 1 ms]
  Passed AutoCompleteSecondArgumentFirstHasValue_AutoCompleted [< 1 ms]
  Passed AutoCompleteSecondArgumentFirstHasBadValue_AutoCompleted [< 1 ms]
  Passed AutoCompleteFirstArgumentFirstHasNoValue_AutoCompleted [< 1 ms]
  Passed AutoCompleteCommandName_AutoCompleted ("co",1) [< 1 ms]
  Passed AutoCompleteCommandName_AutoCompleted ("co",2) [< 1 ms]
  Passed AutoCompleteCommandName_AutoCompleted ("co",3) [< 1 ms]
  Passed AutoCompleteCommandName_AutoCompleted ("Command",2) [< 1 ms]
  Passed AutoCompleteCommandName_AutoCompleted ("Command",8) [< 1 ms]
  Passed AutoCompleteCommandName_AutoCompleted ("COMM",3) [< 1 ms]
  Passed AutoCompleteCommandWithCustomName_AutoCompleted ("my",1) [2 ms]
  Passed AutoCompleteCommandWithCustomName_AutoCompleted ("myC",2) [< 1 ms]
  Passed AutoCompleteCommandWithCustomName_AutoCompleted ("myCommand",5) [< 1 ms]
  Passed AutoCompleteOffPosition_NoResult (5) [< 1 ms]
  Passed AutoCompleteOffPosition_NoResult (0) [< 1 ms]
  Passed AutoCompleteOffPosition_NoResult (-2) [< 1 ms]
  Passed AutoCompleteEmptyString_NoResult ("") [< 1 ms]
  Passed AutoCompleteEmptyString_NoResult (" ") [< 1 ms]
  Passed AutoCompletePipedInput_AutoCompleted [< 1 ms]
  Passed AutoCompleteFirstCommandPipedInput_AutoCompleted [< 1 ms]
  Passed AutoCompleteGroupName_GroupReturned ("bit",1) [1 ms]
  Passed AutoCompleteGroupName_GroupReturned ("bit",3) [< 1 ms]
  Passed AutoCompleteGroupName_GroupReturned ("bitpantry",5) [< 1 ms]
  Passed AutoCompleteGroupName_GroupReturned ("BITPANTRY",5) [< 1 ms]
  Passed AutoCompleteParentGroupName_GroupReturned ("par",1) [< 1 ms]
  Passed AutoCompleteParentGroupName_GroupReturned ("parent",3) [< 1 ms]
  Passed AutoCompleteParentGroupName_GroupReturned ("PARENT",3) [< 1 ms]
  Passed AutoCompleteAtRoot_ShowsRootCommandsAndGroups [1 ms]
  Passed AutoCompleteCommandInGroup_CommandsReturned ("bitpantry C",11) [4 ms]
  Passed AutoCompleteCommandInGroup_CommandsReturned ("bitpantry Comm",14) [< 1 ms]
  Passed AutoCompleteCommandInGroup_CommandsReturned ("BITPANTRY COMM",14) [< 1 ms]
  Passed AutoCompleteInGroup_ShowsAllGroupCommands [2 ms]
  Passed AutoCompleteExactCommandInGroup_ReturnsMatch [< 1 ms]
  Passed AutoCompleteChildGroupInParent_ShowsChildGroup [1 ms]
  Passed AutoCompleteInParentGroup_ShowsCommandsAndChildGroups [< 1 ms]
  Passed AutoCompleteCommandInChildGroup_ReturnsChildCommands [1 ms]
  Passed AutoCompleteInChildGroup_ShowsAllChildCommands [< 1 ms]
  Passed AutoCompleteExactCommandInNestedGroup_ReturnsMatch ("parent child childcmd",21) [< 1 ms]
  Passed AutoCompleteExactCommandInNestedGroup_ReturnsMatch ("parent child anothercmd",24) [< 1 ms]
  Passed AutoCompleteNonExistent_NoResult ("xyz",1) [< 1 ms]
  Passed AutoCompleteNonExistent_NoResult ("nonexistent",5) [< 1 ms]
  Passed AutoCompleteNonExistent_NoResult ("zzz",3) [< 1 ms]
  Passed AutoCompleteNonExistentCommandInGroup_NoResult [< 1 ms]
  Passed AutoCompleteInvalidGroupPath_NoResult [< 1 ms]
  Passed AutoCompletePipedInputWithGroup_AutoCompleted [< 1 ms]
  Passed AutoCompleteGroupAfterPipe_GroupReturned [1 ms]
  Passed AutoCompleteGroupWithTrailingSpace_ShowsGroupContents [< 1 ms]
  Passed AutoCompleteCaseInsensitive_MatchesRegardlessOfCase [1 ms]
  Passed AutoCompleteArg1NoQuery_AutoCompleted [2 ms]
  Passed AutoCompleteArg1NoQueryAndSpace_AutoCompleted [1 ms]
  Passed AutoCompleteBadArgName_NoResult [< 1 ms]
  Passed AutoCompleteArg1WithQuery_AutoCompleted [< 1 ms]
  Passed AutoCompleteArg1WithQueryMultipleOptions_AutoCompleted [< 1 ms]
  Passed AutoCompleteAliasNoQuery_AutoCompleted [< 1 ms]
  Passed AutoCompleteBadAlias_NoResult [< 1 ms]
  Passed AutoCompleteFirstAliasNoQuery_AutoCompleted [< 1 ms]
  Passed AutoCompleteCtxFirstArgWithSecondValue_AutoCompleted [< 1 ms]
  Passed AutoCompleteCtxFirstArgWithAllValues_NoResult [< 1 ms]
  Passed AutoCompleteNoQuerySplitTrailingWhitespace_AutoCompleted (24) [< 1 ms]
  Passed AutoCompleteNoQuerySplitTrailingWhitespace_AutoCompleted (25) [< 1 ms]
  Passed AutoCompleteNoQuerySplitTrailingWhitespace_AutoCompleted (26) [< 1 ms]
  Passed AutoCompleteNoQuerySplitTrailingWhitespace_AutoCompleted (27) [< 1 ms]
  Passed AutoCompleteFirstAliasNoQuerySplitWhitespace_AutoCompleted (24) [< 1 ms]
  Passed AutoCompleteFirstAliasNoQuerySplitWhitespace_AutoCompleted (25) [< 1 ms]
  Passed AutoCompleteFirstAliasNoQuerySplitWhitespace_AutoCompleted (26) [< 1 ms]
  Passed AutoCompleteFirstAliasNoQuerySplitWhitespace_AutoCompleted (27) [< 1 ms]
  Passed ActivateCommand_Activated [< 1 ms]
  Passed ActivateWithoutArgInput_Activated [< 1 ms]
  Passed ActivateIntArg_Activated [8 ms]
  Passed ActivateMultipleArgs_Activated [1 ms]
  Passed ActivateAlias_Activated [1 ms]
  Passed ActivateOption_Activated [< 1 ms]
  Passed ActivateOptionAlias_Activated [< 1 ms]
  Passed ActivateOptionNotSet_Activated [< 1 ms]
  Passed ActivateOptionAbsent_Activated [< 1 ms]
  Passed CommandExecute_DoesNotExist [2 ms]
  Passed CommandExecute_NotDiClass_DoesNotExist [< 1 ms]
  Passed CommandExecute_NoDeps_Executes [< 1 ms]
  Passed CommandExecute_Deps_Executes [< 1 ms]
  Passed RegisterDuplicateCommand_Replaced [< 1 ms]
  Passed RegisterDuplicateCommand_DefaultDisallowed_Exception [< 1 ms]
  Passed RegisterDuplicateCommand_Disallowed_Exception [< 1 ms]
  Passed TestExecute_Success [< 1 ms]
  Passed ExecuteCancel_Success [112 ms]
  Passed ExecuteError_Error [50 ms]
  Passed ExecuteReturnType_Success [1 ms]
  Passed ExecuteReturnTypeAsync_Success [8 ms]
  Passed ExecuteReturnTypeAsyncGeneric_Success [15 ms]
  Passed ExecuteBasicPipeline_Success [1 ms]
  Passed PassDataBetweenCommands_Success [1 ms]
  Passed PassDataBetweenCommandsMany_Success [< 1 ms]
  Passed PassByteArray_success [10 ms]
  Passed ExtendedCommand_success [< 1 ms]
  Passed VirtualExecuteExtended_Success [< 1 ms]
  Passed DescribeMinimalCommand_CommandDescribed [< 1 ms]
  Passed DescribeCommandAttribute_CommandNamePopulated [< 1 ms]
  Passed DescribeCommandGroup_CommandGroupPopulated [< 1 ms]
  Passed DescribeCommandGroupNoName_CommandNameIsClassName [< 1 ms]
  Passed DescribeEmptyCommandAttribute_CommandNameIsClassName [< 1 ms]
  Passed DescribeWithNonDescribableProperties_PropertiesNotDescribed [< 1 ms]
  Passed DescribeWithOneEmptyParameter_ParameterDescribed [< 1 ms]
  Passed DescribeWithOneParameter_ParameterDescribed [< 1 ms]
  Passed DescribeParameterWithAliases_AliasesDescribed [< 1 ms]
  Passed DescribeCommandAcceptsNone_Described [< 1 ms]
  Passed DescribeCommandAcceptsString_Described [< 1 ms]
  Passed DescribeCommandOfBadCommandName_Exception [< 1 ms]
  Passed DescribeCommandOfWrongBaseType_Exception [< 1 ms]
  Passed DescribeCommandWithNoExecute_Exception [< 1 ms]
  Passed DescribeCommandInvalidExecuteParametersAsync_Exception [< 1 ms]
  Passed DescribeCommandInvalidExecuteTooManyParameters_Exception [< 1 ms]
  Passed DescribeCommandWithReturnType_Described [< 1 ms]
  Passed DescribeCommandWithReturnTypeAsync_Described [< 1 ms]
  Passed DescribeCommandWithReturnTypeAsyncGeneric_Described [< 1 ms]
  Passed ParseCommandName_Parsed [< 1 ms]
  Passed ParseCommandNameWithSpace_Command [< 1 ms]
  Passed ParseInputWithParameterNoValue_Parsed [< 1 ms]
  Passed ParseInputWithArgumentNoValue_Parsed [< 1 ms]
  Passed ParseInputWithArgumentValue_Parsed [< 1 ms]
  Passed ParseInputWithArgumentValueWithSpaces_Parsed [< 1 ms]
  Passed ParseInputWithMultipleArguments_Parsed [< 1 ms]
  Passed ParseArgumentWithValueAndUnexpected_Parsed [< 1 ms]
  Passed ParseInputWithQuotedArgumentValue_Parsed [< 1 ms]
  Passed ParseInputWithComplexQuotedArgumentValue_Parsed [< 1 ms]
  Passed ParseInputWithAlias_Parsed [< 1 ms]
  Passed ParseInputWithAliasAndValue_Parsed [< 1 ms]
  Passed ParseInputWithMoreThanOneCharacterAlias_ParsedWithValidationErrors [< 1 ms]
  Passed ParseInputWithEmptyParameterName_UnexpectedElement [< 1 ms]
  Passed ParsedWithGroupCommand_Parsed [< 1 ms]
  Passed ParsedWithGroupCommandAndParameters_Parsed [< 1 ms]
  Passed ParseInputOnePipe_Parsed [< 1 ms]
  Passed ParseInputTwoPipe_Parsed [< 1 ms]
  Passed ParseInputQuoteParameter_Parsed [< 1 ms]
  Passed ParseInputQuoteParameterWithPipe_Parsed [< 1 ms]
  Passed ParseInputInvalidCommand_Parsed [< 1 ms]
  Passed ParseInputUpFrontArgumentDash_Parsed [< 1 ms]
  Passed ParseInputEnclosedQuotes_Parsed [< 1 ms]
  Passed ParseCommandWithGroupPath [< 1 ms]
  Passed ResolveCommand_Resolved [< 1 ms]
  Passed ResolveCommandCaseVariant_Resolved [< 1 ms]
  Passed ResolveCommandWithNameAttribute_Resolved [< 1 ms]
  Passed ResolveNonExistentCommand_NotResolvedWithErrors [< 1 ms]
  Passed ResolveCommandWithBadArgumentName_ResolvedWithErrors [< 1 ms]
  Passed ResolveCommandWithTwoBadArgumentName_ResolvedWithErrors [< 1 ms]
  Passed ResolveCommandWithArgument_Resolved [< 1 ms]
  Passed ResolveCommandWithArgumentNameInvariantCase_Resolved [< 1 ms]
  Passed ResolveCommandWithArgumentAlias_Resolved [< 1 ms]
  Passed ResolveCommandWithArgumentAliasWrongCase_ResolvedWithErrors [< 1 ms]
  Passed ResolveCommandWithMultipleArguments_Resolved [< 1 ms]
  Passed ResolveCommandWithGroup_Resolved [< 1 ms]
  Passed ResolveCommandWithDupCmdDifferentGroup_Resolved [< 1 ms]
  Passed ResolveExtendedCommand_Resolved [< 1 ms]
  Passed Resolve_Resolved [< 1 ms]
  Passed ResolveCommandNotExists_ResolvedWithError [< 1 ms]
  Passed ResolveTwoCommandsNoPipe_ResolvedAsGroupCommand [< 1 ms]
  Passed ResolvePipelineInput_Resolved [< 1 ms]
  Passed ResolvePipelineInputWithData_Resolved [< 1 ms]
  Passed ResolvePipelineInputVoidToAccepts_Resolved [< 1 ms]
  Passed SplitCommandString_SplitsBySpace [17 ms]
  Passed SplitInputString_SplitsByPipe [< 1 ms]
  Passed SplitCommandString_PreservesQuotedStrings [< 1 ms]
  Passed SplitInputString_PreservesQuotedStrings [< 1 ms]
  Passed SplitCommandString_HandleMultiCharacterEmptySpaces [< 1 ms]
  Passed SplitInputString_IgnoresEmptyStrings [< 1 ms]
  Passed SplitCommandString_HandlesEmptyString [< 1 ms]
  Passed SplitInputString_HandlesEmptyString [< 1 ms]
  Passed SplitCommandString_HandlesOnlySpaces [< 1 ms]
  Passed SplitInputString_HandlesOnlyPipes [< 1 ms]
  Passed SplitCommandString_HandlesSpecialCharacters [< 1 ms]
  Passed SplitInputString_HandlesSpecialCharacters [< 1 ms]
  Passed ReplaceSingleToken_TokenReplaced [4 ms]
  Passed ReplaceSameTokenTwice_TokensReplaced [< 1 ms]
  Passed ReplaceMultipleDifferentTokens_TokensReplaced [< 1 ms]
  Passed ReplaceTokenWithEmptyString_TokenReplacedWithEmptyString [< 1 ms]
  Passed ReplaceTokenWithNullValue_TokenReplacedWithEmptyString [< 1 ms]
  Passed NoTokensInInput_NoReplacement [< 1 ms]
  Passed TokenNotInDictionary_TokenNotReplaced [< 1 ms]
  Passed InputIsEmptyString_NoReplacement [< 1 ms]
  Passed TokensWithSpecialCharacters_TokensReplaced [< 1 ms]
  Passed GroupHelp_ExitsWithCode0 [2 ms]
  Passed CommandHelp_ExitsWithCode0 [2 ms]
  Passed RootHelp_ExitsWithCode0 [1 ms]
  Passed GroupHelpShortForm_ExitsWithCode0 [1 ms]
  Passed CommandHelpShortForm_ExitsWithCode0 [< 1 ms]
  Passed RootHelpShortForm_ExitsWithCode0 [< 1 ms]
  Passed FormatGroupHelp_SingleGroup_ShowsGroupDescription [< 1 ms]
  Passed FormatGroupHelp_ShowsCommandsInGroup [< 1 ms]
  Passed FormatGroupHelp_EmptyGroup_ShowsNoCommandsMessage [< 1 ms]
  Passed FormatCommandHelp_ShowsCommandDescription [< 1 ms]
  Passed FormatCommandHelp_ShowsArgumentsWithDescriptions [< 1 ms]
  Passed FormatCommandHelp_GroupedCommand_ShowsFullPath [< 1 ms]
  Passed FormatCommandHelp_RootCommand_ShowsSimplePath [< 1 ms]
  Passed FormatRootHelp_ShowsAllGroups [< 1 ms]
  Passed FormatRootHelp_ShowsRootCommands [< 1 ms]
  Passed FormatRootHelp_MixedGroupsAndCommands_ShowsBoth [< 1 ms]
  Passed HelpFlag_LongForm_Detected [< 1 ms]
  Passed HelpFlag_ShortForm_Detected [< 1 ms]
  Passed HelpFlag_GroupOnly_ShowsGroupHelp [< 1 ms]
  Passed HelpFlag_GroupShortForm_ShowsGroupHelp [< 1 ms]
  Passed HelpWithOtherArgs_ReturnsError [< 1 ms]
  Passed HelpBeforeArgs_ReturnsError [< 1 ms]
  Passed ShortHelpWithOtherArgs_ReturnsError [< 1 ms]
  Passed HelpWithOtherArgs_ErrorMessageFormat [< 1 ms]
  Passed PipelineWithHelp_ReturnsError [1 ms]
  Passed RegisterGroup_SingleGroup_GroupIsRegistered [< 1 ms]
  Passed RegisterGroup_WithDescriptionAttribute_DescriptionIsSet [< 1 ms]
  Passed RegisterGroup_WithNameOverride_UsesProvidedName [< 1 ms]
  Passed RegisterGroup_MultipleGroups_AllRegistered [< 1 ms]
  Passed RootGroups_ReturnsOnlyTopLevelGroups [< 1 ms]
  Passed FindGroup_ExistingGroup_ReturnsGroup [< 1 ms]
  Passed FindGroup_NonExistingGroup_ReturnsNull [< 1 ms]
  Passed FindGroup_CaseInsensitive_ReturnsGroup [< 1 ms]
  Passed FindCommand_RootCommand_ReturnsCommand [< 1 ms]
  Passed FindCommand_GroupedCommand_WithGroup_ReturnsCommand [< 1 ms]
  Passed FindCommand_NonExisting_ReturnsNull [< 1 ms]
  Passed RootCommands_ReturnsOnlyRootLevelCommands [< 1 ms]
  Passed GroupAttribute_DefaultName_IsNull [< 1 ms]
  Passed GroupAttribute_DefaultDescription_IsNull [< 1 ms]
  Passed GroupAttribute_CanSetName [< 1 ms]
  Passed GroupAttribute_CanSetDescription [< 1 ms]
  Passed GroupAttribute_CanBeAppliedToClass [< 1 ms]
  Passed GroupAttribute_CannotBeAppliedMultipleTimes [< 1 ms]
  Passed GroupAttribute_TargetsClassesOnly [< 1 ms]
  Passed GroupAttribute_WithNameOverride_UsesProvidedName [< 1 ms]
  Passed InvalidSubcommand_ShowsErrorAndAvailableCommands [1 ms]
  Passed NonExistentGroup_ShowsError [1 ms]
  Passed ResolutionError_ReturnsNonZeroExitCode [1 ms]
  Passed GroupInfo_Name_ReturnsSetValue [< 1 ms]
  Passed GroupInfo_Description_ReturnsSetValue [< 1 ms]
  Passed GroupInfo_Parent_IsNullForTopLevelGroup [< 1 ms]
  Passed GroupInfo_MarkerType_ReturnsSetValue [< 1 ms]
  Passed GroupInfo_FullPath_ForTopLevelGroup_ReturnsName [< 1 ms]
  Passed GroupInfo_FullPath_ForNestedGroup_ReturnsSpaceSeparatedPath [< 1 ms]
  Passed GroupInfo_FullPath_ForDeeplyNestedGroup_ReturnsFullHierarchy [< 1 ms]
  Passed GroupInfo_Depth_ForTopLevelGroup_ReturnsZero [< 1 ms]
  Passed GroupInfo_Depth_ForNestedGroup_ReturnsCorrectDepth [< 1 ms]
  Passed GroupInfo_ChildGroups_InitializesEmpty [< 1 ms]
  Passed GroupInfo_Commands_InitializesEmpty [< 1 ms]
  Passed GroupInfo_AddChildGroup_AddsToCollection [< 1 ms]
  Passed GroupInfo_AddCommand_AddsToCollection [< 1 ms]
  Passed InvokeGroupedCommand_Success [2 ms]
  Passed InvokeGroupedCommand_WithArguments_ArgumentsParsed [1 ms]
  Passed InvokeRootLevelCommand_Success [1 ms]
  Passed InvokeGroupedCommand_CaseInsensitive [1 ms]
  Passed InvokeDotNotation_NotRecognized [1 ms]
  Passed InvokeNonExistentCommand_Error [< 1 ms]
  Passed Parse_SingleToken_NoGroupPath [< 1 ms]
  Passed Parse_TwoTokens_FirstIsGroupPath [< 1 ms]
  Passed Parse_ThreeTokens_FirstTwoAreGroupPath [< 1 ms]
  Passed Parse_TokensWithArguments_GroupPathExtractedCorrectly [< 1 ms]
  Passed Parse_EmptyInput_EmptyResult [< 1 ms]
  Passed Parse_DotNotation_TreatedAsCommandName [< 1 ms]
  Passed Parse_MultipleSpaces_NormalizedCorrectly [< 1 ms]
  Passed Parse_MixedCase_PreservedForResolution [< 1 ms]
  Passed RegisterGroup_FromType_Registered [< 1 ms]
  Passed RegisterCommand_WithGroup_LinkedToGroup [< 1 ms]
  Passed RegisterCommands_ViaAssemblyScanning_GroupsDiscovered [1 ms]
  Passed RegisterGroup_WithCustomName_UsesCustomName [< 1 ms]
  Passed RegisterGroup_WithDescription_DescriptionSet [< 1 ms]
  Passed RootGroups_ReturnsOnlyTopLevel [< 1 ms]
  Passed RootCommands_ReturnsOnlyUngroupedCommands [< 1 ms]
  Passed FindGroup_ByName_Found [< 1 ms]
  Passed FindGroup_CaseInsensitive_Found [< 1 ms]
  Passed Resolve_GroupAndCommand_ResolvesToCommand [< 1 ms]
  Passed Resolve_GroupAndCommand_CaseInsensitive [< 1 ms]
  Passed Resolve_RootLevelCommand_ResolvesToCommand [< 1 ms]
  Passed Resolve_DotNotation_NotRecognized [< 1 ms]
  Passed Resolve_GroupCommand_WithArguments [< 1 ms]
  Passed Resolve_UnknownGroup_NotFound [< 1 ms]
  Passed Resolve_CommandByNameOnly_WhenUnique [< 1 ms]
  Passed CaseSensitive_Default_IsFalse [< 1 ms]
  Passed CaseInsensitive_MixedCase_ResolvesSuccessfully [< 1 ms]
  Passed CaseSensitive_Enabled_ExactCaseRequired [< 1 ms]
  Passed CaseSensitive_FindGroup_RespectsSettings [< 1 ms]
  Passed EmptyGroup_NoCommandsNoSubgroups_ThrowsOnBuild [4 ms]
  Passed GroupWithOnlyCommands_DoesNotThrow [< 1 ms]
  Passed GroupWithOnlySubgroups_DoesNotThrow [< 1 ms]
  Passed CommandGroupSameName_ThrowsOnBuild [< 1 ms]
  Passed DuplicateCommand_DefaultBehavior_ThrowsOnRegister [< 1 ms]
  Passed DuplicateCommand_WithReplace_Succeeds [< 1 ms]
  Passed ArgumentNamedHelp_ThrowsOnBuild [< 1 ms]
  Passed ArgumentWithAliasH_ThrowsOnBuild [< 1 ms]
  Passed CommandReferencesNonGroupClass_ThrowsOnRegister [< 1 ms]
  Passed ValidConfiguration_StartsSuccessfully [< 1 ms]
  Passed BuiltInConflict_DefaultBehavior_ThrowsWithBuiltInIdentified [< 1 ms]
  Passed BuiltInConflict_WithReplace_CustomOverridesBuiltIn [1 ms]
  Passed RegisterNestedGroup_ParentChildRelationship [1 ms]
  Passed RegisterNestedGroup_FullPathDerived [3 ms]
  Passed Resolve_NestedGroupCommand_Success [< 1 ms]
  Passed Invoke_NestedGroupCommand_Success [1 ms]
  Passed RegisterDeeplyNested_ThreeLevels_Success [< 1 ms]
  Passed Invoke_DeeplyNestedCommand_Success [1 ms]
  Passed GroupWithOnlySubgroups_ShowsSubgroupsInHelp [< 1 ms]
  Passed GroupWithSubgroupsAndCommands_ShowsBoth [< 1 ms]
  Passed FilesGroup_ShowsIoSubgroup [< 1 ms]
  Passed FilesIoGroup_ShowsUploadCommand [< 1 ms]

Test Run Successful.
Total tests: 321
     Passed: 321
 Total time: 1.1091 Seconds
     7>Done Building Project "C:\src\bitpantry\BitPantry.CommandLine\BitPantry.CommandLine.Tests\BitPantry.CommandLine.Tests.csproj" (VSTest target(s)).
     8>GenerateTargetFrameworkMonikerAttribute:
       Skipping target "GenerateTargetFrameworkMonikerAttribute" because all output files are up-to-date with respect to the input files.
       CoreGenerateAssemblyInfo:
       Skipping target "CoreGenerateAssemblyInfo" because all output files are up-to-date with respect to the input files.
       _GenerateAutoRegisteredExtensions:
       Skipping target "_GenerateAutoRegisteredExtensions" because all output files are up-to-date with respect to the input files.
       _GenerateTestingPlatformEntryPoint:
       Skipping target "_GenerateTestingPlatformEntryPoint" because all output files are up-to-date with respect to the input files.
       _GenerateSourceLinkFile:
         Source Link file 'obj\Debug\net8.0\BitPantry.CommandLine.Tests.Remote.SignalR.sourcelink.json' is up-to-date.
       CoreCompile:
       Skipping target "CoreCompile" because all output files are up-to-date with respect to the input files.
       _CreateAppHost:
       Skipping target "_CreateAppHost" because all output files are up-to-date with respect to the input files.
       _CopyOutOfDateSourceItemsToOutputDirectory:
       Skipping target "_CopyOutOfDateSourceItemsToOutputDirectory" because all output files are up-to-date with respect to the input files.
       GenerateBuildDependencyFile:
       Skipping target "GenerateBuildDependencyFile" because all output files are up-to-date with respect to the input files.
       GenerateBuildRuntimeConfigurationFiles:
       Skipping target "GenerateBuildRuntimeConfigurationFiles" because all output files are up-to-date with respect to the input files.
       CopyFilesToOutputDirectory:
         BitPantry.CommandLine.Tests.Remote.SignalR -> C:\src\bitpantry\BitPantry.CommandLine\BitPantry.CommandLine.Tests.Remote.SignalR\bin\Debug\net8.0\BitPantry.CommandLine.Tests.Remote.SignalR.dll
     8>Done Building Project "C:\src\bitpantry\BitPantry.CommandLine\BitPantry.CommandLine.Tests.Remote.SignalR\BitPantry.CommandLine.Tests.Remote.SignalR.csproj" (default targets).
     8>InvokeTestingPlatform:
         Run tests: 'C:\src\bitpantry\BitPantry.CommandLine\BitPantry.CommandLine.Tests.Remote.SignalR\bin\Debug\net8.0\BitPantry.CommandLine.Tests.Remote.SignalR.dll' [net8.0|x64]
         Passed! - Failed: 0, Passed: 269, Skipped: 5, Total: 274, Duration: 10s 288ms
         Tests succeeded: 'C:\src\bitpantry\BitPantry.CommandLine\BitPantry.CommandLine.Tests.Remote.SignalR\bin\Debug\net8.0\BitPantry.CommandLine.Tests.Remote.SignalR.dll' [net8.0|x64]
     8>Done Building Project "C:\src\bitpantry\BitPantry.CommandLine\BitPantry.CommandLine.Tests.Remote.SignalR\BitPantry.CommandLine.Tests.Remote.SignalR.csproj" (VSTest target(s)).
     1>Done Building Project "C:\src\bitpantry\BitPantry.CommandLine\BitPantry.CommandLine.sln" (VSTest target(s)).

Build succeeded.
    0 Warning(s)
    0 Error(s)

Time Elapsed 00:00:14.31

Workload updates are available. Run `dotnet workload list` for more information.
